Results generated by BModes (v1.03.01, 25-Sept-2007, compiled using double precision) on 24-Dec-2021 at 12:22:43.
RAAW-GE Tower                                                                                      
=================================================================================

            tower frequencies & mode shapes
            --- only first   6 modes printed


 -------- Mode No.   1  (freq = 0.230788E+00 Hz)

span_loc	s-s disp	s-s slope	f-a disp	f-a slope	twist

 0.0000	 0.000000	 0.000000	 0.000000	 0.000000	 0.000000
 0.2500	 0.018789	 0.143625	 0.000000	 0.000000	-0.024014
 0.5000	 0.075868	 0.302878	 0.000000	 0.000000	-0.048028
 0.7500	 0.179896	 0.509195	 0.000000	 0.000000	-0.072042
 1.0000	 0.331690	 0.671161	 0.000000	 0.000000	-0.096056


 -------- Mode No.   2  (freq = 0.233628E+00 Hz)

span_loc	s-s disp	s-s slope	f-a disp	f-a slope	twist

 0.0000	 0.000000	 0.000000	 0.000000	 0.000000	 0.000000
 0.2500	 0.000000	 0.000000	 0.019206	 0.146763	 0.000000
 0.5000	 0.000000	 0.000000	 0.077483	 0.309025	 0.000000
 0.7500	 0.000000	 0.000000	 0.183450	 0.517989	 0.000000
 1.0000	 0.000000	 0.000000	 0.337416	 0.678804	 0.000000


 -------- Mode No.   3  (freq = 0.876550E+00 Hz)

span_loc	s-s disp	s-s slope	f-a disp	f-a slope	twist

 0.0000	 0.000000	 0.000000	 0.000000	 0.000000	 0.000000
 0.2500	-0.001697	-0.012726	 0.000000	 0.000000	-0.139550
 0.5000	-0.006539	-0.024897	 0.000000	 0.000000	-0.279100
 0.7500	-0.014695	-0.039065	 0.000000	 0.000000	-0.418650
 1.0000	-0.026919	-0.059332	 0.000000	 0.000000	-0.558200


 -------- Mode No.   4  (freq = 0.114618E+01 Hz)

span_loc	s-s disp	s-s slope	f-a disp	f-a slope	twist

 0.0000	 0.000000	 0.000000	 0.000000	 0.000000	 0.000000
 0.2500	-0.031715	-0.223564	 0.000000	 0.000000	-0.004169
 0.5000	-0.102597	-0.302834	 0.000000	 0.000000	-0.008338
 0.7500	-0.152479	-0.038769	 0.000000	 0.000000	-0.012507
 1.0000	-0.051019	 0.904730	 0.000000	 0.000000	-0.016676


 -------- Mode No.   5  (freq = 0.122086E+01 Hz)

span_loc	s-s disp	s-s slope	f-a disp	f-a slope	twist

 0.0000	 0.000000	 0.000000	 0.000000	 0.000000	 0.000000
 0.2500	 0.000000	 0.000000	-0.032003	-0.224781	 0.000000
 0.5000	 0.000000	 0.000000	-0.102534	-0.297969	 0.000000
 0.7500	 0.000000	 0.000000	-0.149375	-0.021083	 0.000000
 1.0000	 0.000000	 0.000000	-0.044203	 0.907986	 0.000000


 -------- Mode No.   6  (freq = 0.338282E+01 Hz)

span_loc	s-s disp	s-s slope	f-a disp	f-a slope	twist

 0.0000	 0.000000	 0.000000	 0.000000	 0.000000	 0.000000
 0.2500	 0.081670	 0.500635	 0.000000	 0.000000	-0.020201
 0.5000	 0.179307	 0.164971	 0.000000	 0.000000	-0.040402
 0.7500	 0.086541	-0.757018	 0.000000	 0.000000	-0.060604
 1.0000	-0.041198	 0.283290	 0.000000	 0.000000	-0.080805
=================================================================================
