LINE 94
Mat Object: 1 MPI processes
row 0: (5, 10.) 
row 1: (1, 10.)  (3, 5.)  (4, 6.) 
row 2: (0, 8.)  (3, 11.) 
row 3:
row 4: (3, 4.) 
row 5:
row 6: (4, 1.) 
row 7: (1, -1.) 
LINE 95
Vec Object: 1 MPI processes
10.
21.
19.
0.
4.
0.
1.
-1.
LINE 98
Mat Object: 1 MPI processes
row 0: (5, 0.) 
row 1: (1, 0.)  (3, 0.)  (4, 0.) 
row 2: (0, 0.)  (3, 0.) 
row 3:
row 4: (3, 0.) 
row 5:
row 6: (4, 0.) 
row 7: (1, 0.) 
LINE 99
Vec Object: 1 MPI processes
10.
21.
19.
0.
4.
0.
1.
-1.
LINE 103
Mat Object: 1 MPI processes
row 0: (0, 0.) 
row 1: (1, 0.)  (2, 0.)  (4, 0.)  (6, 0.)  (7, 0.) 
row 2: (1, 0.)  (2, 0.)  (4, 0.) 
row 3:
row 4: (1, 0.)  (2, 0.)  (4, 0.) 
row 5:
row 6: (1, 0.)  (6, 0.) 
row 7: (1, 0.)  (7, 0.) 
LINE 106
Mat Object: 1 MPI processes
row 0: (0, 0.)  (3, 0.) 
row 1: (1, 0.)  (3, 0.)  (4, 0.) 
row 2:
row 3: (0, 0.)  (1, 0.)  (3, 0.)  (4, 0.) 
row 4: (1, 0.)  (3, 0.)  (4, 0.) 
row 5: (5, 0.) 
LINE 114
Mat Object: 1 MPI processes
row 0: (5, -10.) 
row 1: (1, -10.)  (3, -5.)  (4, -6.) 
row 2: (0, -8.)  (3, -11.) 
row 3:
row 4: (3, -4.) 
row 5:
row 6: (4, -1.) 
row 7: (1, 1.) 
LINE 126
Mat Object: 1 MPI processes
row 0: (5, 3.) 
row 1: (1, 8.)  (3, 5.)  (4, 6.) 
row 2: (0, 7.)  (3, 2.) 
row 3:
row 4: (3, 4.) 
row 5:
row 6: (4, 1.) 
row 7: (1, -1.) 
LINE 127
Vec Object: 1 MPI processes
3.
19.
9.
0.
4.
0.
1.
-1.
LINE 130
Mat Object: 1 MPI processes
row 0: (5, 0.) 
row 1: (1, 0.)  (3, 0.)  (4, 0.) 
row 2: (0, 0.)  (3, 0.) 
row 3:
row 4: (3, 0.) 
row 5:
row 6: (4, 0.) 
row 7: (1, 0.) 
LINE 131
Vec Object: 1 MPI processes
3.
19.
9.
0.
4.
0.
1.
-1.
LINE 141
Mat Object: 1 MPI processes
row 0: (5, 3.) 
row 1: (1, 8.)  (3, 5.)  (4, 6.) 
row 2: (0, 7.)  (3, 2.) 
row 3:
row 4: (3, 4.) 
row 5:
row 6: (4, 1.) 
row 7: (1, -1.) 
LINE 142
Vec Object: 1 MPI processes
3.
19.
9.
0.
4.
0.
1.
-1.
LINE 145
Mat Object: 1 MPI processes
row 0: (5, -3.) 
row 1: (1, -8.)  (3, -5.)  (4, -6.) 
row 2: (0, -7.)  (3, -2.) 
row 3:
row 4: (3, -4.) 
row 5:
row 6: (4, -1.) 
row 7: (1, 1.) 
LINE 146
Vec Object: 1 MPI processes
0.
0.
0.
0.
0.
0.
0.
0.
LINE 150
Mat Object: 1 MPI processes
row 0: (0, 9.) 
row 1: (1, 125.)  (2, 10.)  (4, 20.)  (6, 6.)  (7, -8.) 
row 2: (1, 10.)  (2, 53.)  (4, 8.) 
row 3:
row 4: (1, 20.)  (2, 8.)  (4, 16.) 
row 5:
row 6: (1, 6.)  (6, 1.) 
row 7: (1, -8.)  (7, 1.) 
LINE 153
Mat Object: 1 MPI processes
row 0: (0, 49.)  (3, 14.) 
row 1: (1, 65.)  (3, 40.)  (4, 48.) 
row 2:
row 3: (0, 14.)  (1, 40.)  (3, 45.)  (4, 30.) 
row 4: (1, 48.)  (3, 30.)  (4, 37.) 
row 5: (5, 9.) 
